// Jest Snapshot v1, https://goo.gl/fbAQLP

exports[`/components/Drawer Drawer/render should render correctly 1`] = `
<WithStyles(Drawer)
  anchor="top"
  onClose={[Function]}
  open={false}
>
  <div
    onClick={[Function]}
    onKeyDown={[Function]}
    role="button"
    tabIndex={0}
  >
    <div>
      Hello world
    </div>
  </div>
</WithStyles(Drawer)>
`;
